
type htmlTags map[string]int {
	"<!--"   	 :	2050,
	"</!--"   	 :	2051,
	"-->"   	 :	2052,
	"</->"   	 :	2053,
	"<a>"   	 :	2054,
	"</a>"   	 :	2055,
	"<abbr>"   	 :	2056,
	"</abbr>"   	 :	2057,
	"<acronym>"   	 :	2058,
	"</acronym>"   	 :	2059,
	"<address>"   	 :	2060,
	"</address>"   	 :	2061,
	"<applet>"   	 :	2062,
	"</applet>"   	 :	2063,
	"<area>"   	 :	2064,
	"</area>"   	 :	2065,
	"<article>"   	 :	2066,
	"</article>"   	 :	2067,
	"<aside>"   	 :	2068,
	"</aside>"   	 :	2069,
	"<audio>"   	 :	2070,
	"</audio>"   	 :	2071,
	"<b>"   	 :	2072,
	"</b>"   	 :	2073,
	"<base>"   	 :	2074,
	"</base>"   	 :	2075,
	"<basefont>"   	 :	2076,
	"</basefont>"   	 :	2077,
	"<bdi>"   	 :	2078,
	"</bdi>"   	 :	2079,
	"<bdo>"   	 :	2080,
	"</bdo>"   	 :	2081,
	"<big>"   	 :	2082,
	"</big>"   	 :	2083,
	"<blockquote>"   	 :	2084,
	"</blockquote>"   	 :	2085,
	"<body>"   	 :	2086,
	"</body>"   	 :	2087,
	"<br>"   	 :	2088,
	"</br>"   	 :	2089,
	"<button>"   	 :	2090,
	"</button>"   	 :	2091,
	"<canvas>"   	 :	2092,
	"</canvas>"   	 :	2093,
	"<caption>"   	 :	2094,
	"</caption>"   	 :	2095,
	"<center>"   	 :	2096,
	"</center>"   	 :	2097,
	"<cite>"   	 :	2098,
	"</cite>"   	 :	2099,
	"<code>"   	 :	2100,
	"</code>"   	 :	2101,
	"<col>"   	 :	2102,
	"</col>"   	 :	2103,
	"<colgroup>"   	 :	2104,
	"</colgroup>"   	 :	2105,
	"<datalist>"   	 :	2106,
	"</datalist>"   	 :	2107,
	"<dd>"   	 :	2108,
	"</dd>"   	 :	2109,
	"<del>"   	 :	2110,
	"</del>"   	 :	2111,
	"<details>"   	 :	2112,
	"</details>"   	 :	2113,
	"<dfn>"   	 :	2114,
	"</dfn>"   	 :	2115,
	"<dialog>"   	 :	2116,
	"</dialog>"   	 :	2117,
	"<dir>"   	 :	2118,
	"</dir>"   	 :	2119,
	"<div>"   	 :	2120,
	"</div>"   	 :	2121,
	"<dl>"   	 :	2122,
	"</dl>"   	 :	2123,
	"<dt>"   	 :	2124,
	"</dt>"   	 :	2125,
	"<em>"   	 :	2126,
	"</em>"   	 :	2127,
	"<embed>"   	 :	2128,
	"</embed>"   	 :	2129,
	"<fieldset>"   	 :	2130,
	"</fieldset>"   	 :	2131,
	"<figcaption>"   	 :	2132,
	"</figcaption>"   	 :	2133,
	"<figure>"   	 :	2134,
	"</figure>"   	 :	2135,
	"<font>"   	 :	2136,
	"</font>"   	 :	2137,
	"<footer>"   	 :	2138,
	"</footer>"   	 :	2139,
	"<form>"   	 :	2140,
	"</form>"   	 :	2141,
	"<frame>"   	 :	2142,
	"</frame>"   	 :	2143,
	"<frameset>"   	 :	2144,
	"</frameset>"   	 :	2145,
	"<h1>"   	 :	2146,
	"</h1>"   	 :	2147,
	"<h2>"   	 :	2148,
	"</h2>"   	 :	2149,
	"<h3>"   	 :	2150,
	"</h3>"   	 :	2151,
	"<h4>"   	 :	2152,
	"</h4>"   	 :	2153,
	"<h5>"   	 :	2154,
	"</h5>"   	 :	2155,
	"<h6>"   	 :	2156,
	"</h6>"   	 :	2157,
	"<head>"   	 :	2158,
	"</head>"   	 :	2159,
	"<header>"   	 :	2160,
	"</header>"   	 :	2161,
	"<hr>"   	 :	2162,
	"</hr>"   	 :	2163,
	"<html>"   	 :	2164,
	"</html>"   	 :	2165,
	"<i>"   	 :	2166,
	"</i>"   	 :	2167,
	"<iframe>"   	 :	2168,
	"</iframe>"   	 :	2169,
	"<img>"   	 :	2170,
	"</img>"   	 :	2171,
	"<input>"   	 :	2172,
	"</input>"   	 :	2173,
	"<ins>"   	 :	2174,
	"</ins>"   	 :	2175,
	"<kbd>"   	 :	2176,
	"</kbd>"   	 :	2177,
	"<label>"   	 :	2178,
	"</label>"   	 :	2179,
	"<legend>"   	 :	2180,
	"</legend>"   	 :	2181,
	"<li>"   	 :	2182,
	"</li>"   	 :	2183,
	"<link>"   	 :	2184,
	"</link>"   	 :	2185,
	"<main>"   	 :	2186,
	"</main>"   	 :	2187,
	"<map>"   	 :	2188,
	"</map>"   	 :	2189,
	"<mark>"   	 :	2190,
	"</mark>"   	 :	2191,
	"<menu>"   	 :	2192,
	"</menu>"   	 :	2193,
	"<menuitem>"   	 :	2194,
	"</menuitem>"   	 :	2195,
	"<meta>"   	 :	2196,
	"</meta>"   	 :	2197,
	"<meter>"   	 :	2198,
	"</meter>"   	 :	2199,
	"<nav>"   	 :	2200,
	"</nav>"   	 :	2201,
	"<noframes>"   	 :	2202,
	"</noframes>"   	 :	2203,
	"<noscript>"   	 :	2204,
	"</noscript>"   	 :	2205,
	"<object>"   	 :	2206,
	"</object>"   	 :	2207,
	"<ol>"   	 :	2208,
	"</ol>"   	 :	2209,
	"<optgroup>"   	 :	2210,
	"</optgroup>"   	 :	2211,
	"<option>"   	 :	2212,
	"</option>"   	 :	2213,
	"<output>"   	 :	2214,
	"</output>"   	 :	2215,
	"<p>"   	 :	2216,
	"</p>"   	 :	2217,
	"<param>"   	 :	2218,
	"</param>"   	 :	2219,
	"<picture>"   	 :	2220,
	"</picture>"   	 :	2221,
	"<pre>"   	 :	2222,
	"</pre>"   	 :	2223,
	"<progress>"   	 :	2224,
	"</progress>"   	 :	2225,
	"<q>"   	 :	2226,
	"</q>"   	 :	2227,
	"<rp>"   	 :	2228,
	"</rp>"   	 :	2229,
	"<rt>"   	 :	2230,
	"</rt>"   	 :	2231,
	"<ruby>"   	 :	2232,
	"</ruby>"   	 :	2233,
	"<s>"   	 :	2234,
	"</s>"   	 :	2235,
	"<samp>"   	 :	2236,
	"</samp>"   	 :	2237,
	"<script>"   	 :	2238,
	"</script>"   	 :	2239,
	"<section>"   	 :	2240,
	"</section>"   	 :	2241,
	"<select>"   	 :	2242,
	"</select>"   	 :	2243,
	"<small>"   	 :	2244,
	"</small>"   	 :	2245,
	"<source>"   	 :	2246,
	"</source>"   	 :	2247,
	"<span>"   	 :	2248,
	"</span>"   	 :	2249,
	"<strike>"   	 :	2250,
	"</strike>"   	 :	2251,
	"<strong>"   	 :	2252,
	"</strong>"   	 :	2253,
	"<style>"   	 :	2254,
	"</style>"   	 :	2255,
	"<sub>"   	 :	2256,
	"</sub>"   	 :	2257,
	"<summary>"   	 :	2258,
	"</summary>"   	 :	2259,
	"<sup>"   	 :	2260,
	"</sup>"   	 :	2261,
	"<svg>"   	 :	2262,
	"</svg>"   	 :	2263,
	"<table>"   	 :	2264,
	"</table>"   	 :	2265,
	"<tbody>"   	 :	2266,
	"</tbody>"   	 :	2267,
	"<td>"   	 :	2268,
	"</td>"   	 :	2269,
	"<template>"   	 :	2270,
	"</template>"   	 :	2271,
	"<textarea>"   	 :	2272,
	"</textarea>"   	 :	2273,
	"<tfoot>"   	 :	2274,
	"</tfoot>"   	 :	2275,
	"<th>"   	 :	2276,
	"</th>"   	 :	2277,
	"<thead>"   	 :	2278,
	"</thead>"   	 :	2279,
	"<time>"   	 :	2280,
	"</time>"   	 :	2281,
	"<title>"   	 :	2282,
	"</title>"   	 :	2283,
	"<tr>"   	 :	2284,
	"</tr>"   	 :	2285,
	"<track>"   	 :	2286,
	"</track>"   	 :	2287,
	"<tt>"   	 :	2288,
	"</tt>"   	 :	2289,
	"<u>"   	 :	2290,
	"</u>"   	 :	2291,
	"<ul>"   	 :	2292,
	"</ul>"   	 :	2293,
	"<var>"   	 :	2294,
	"</var>"   	 :	2295,
	"<video>"   	 :	2296,
	"</video>"   	 :	2297,
	"<wbr>"   	 :	2298,
	"</wbr>"   	 :	2299,
	"<!DOCTYPE>"   	 :	2300,
}
